@main {
  one: int = const 1;
  print one;
  zero: int = const 0;
}
